// Jest Snapshot v1, https://goo.gl/fbAQLP

exports[`store should have a store 1`] = `
Object {
  "app": Object {
    "alerts": Array [],
  },
  "dataset": Object {
    "description": "",
    "name": "",
    "readers": Array [],
    "study": "",
  },
  "forms": Object {
    "$form": Object {
      "errors": Object {},
      "focus": false,
      "initialValue": Object {
        "dataset": Object {
          "description": "",
          "name": "",
          "readers": Array [],
          "study": "",
        },
      },
      "intents": Array [],
      "model": "",
      "pending": false,
      "pristine": true,
      "retouched": false,
      "submitFailed": false,
      "submitted": false,
      "touched": false,
      "valid": true,
      "validated": false,
      "validating": false,
      "validity": Object {},
      "value": Object {
        "dataset": Object {
          "description": "",
          "name": "",
          "readers": Array [],
          "study": "",
        },
      },
    },
    "dataset": Object {
      "$form": Object {
        "errors": Object {},
        "focus": false,
        "initialValue": Object {
          "description": "",
          "name": "",
          "readers": Array [],
          "study": "",
        },
        "intents": Array [],
        "model": "dataset",
        "pending": false,
        "pristine": true,
        "retouched": false,
        "submitFailed": false,
        "submitted": false,
        "touched": false,
        "valid": true,
        "validated": false,
        "validating": false,
        "validity": Object {},
        "value": Object {
          "description": "",
          "name": "",
          "readers": Array [],
          "study": "",
        },
      },
      "description": Object {
        "errors": Object {},
        "focus": false,
        "initialValue": "",
        "intents": Array [],
        "model": "dataset.description",
        "pending": false,
        "pristine": true,
        "retouched": false,
        "submitFailed": false,
        "submitted": false,
        "touched": false,
        "valid": true,
        "validated": false,
        "validating": false,
        "validity": Object {},
        "value": "",
      },
      "name": Object {
        "errors": Object {},
        "focus": false,
        "initialValue": "",
        "intents": Array [],
        "model": "dataset.name",
        "pending": false,
        "pristine": true,
        "retouched": false,
        "submitFailed": false,
        "submitted": false,
        "touched": false,
        "valid": true,
        "validated": false,
        "validating": false,
        "validity": Object {},
        "value": "",
      },
      "readers": Object {
        "$form": Object {
          "errors": Object {},
          "focus": false,
          "initialValue": Array [],
          "intents": Array [],
          "model": "dataset.readers",
          "pending": false,
          "pristine": true,
          "retouched": false,
          "submitFailed": false,
          "submitted": false,
          "touched": false,
          "valid": true,
          "validated": false,
          "validating": false,
          "validity": Object {},
          "value": Array [],
        },
      },
      "study": Object {
        "errors": Object {},
        "focus": false,
        "initialValue": "",
        "intents": Array [],
        "model": "dataset.study",
        "pending": false,
        "pristine": true,
        "retouched": false,
        "submitFailed": false,
        "submitted": false,
        "touched": false,
        "valid": true,
        "validated": false,
        "validating": false,
        "validity": Object {},
        "value": "",
      },
    },
  },
  "github": Object {
    "repos": Object {
      "data": Object {},
      "message": "",
      "query": "",
      "status": "idle",
    },
  },
  "user": Object {
    "isAuthenticated": false,
    "status": "idle",
  },
}
`;
