// Jest Snapshot v1, https://goo.gl/fbAQLP

exports[`Private should render properly 1`] = `
<Screen
  data-testid="PrivateWrapper"
  key="Private"
  minHeight="100vh"
>
  <Component>
    <Container
      verticalPadding={true}
    >
      <WithStyles(AppBar)
        position="static"
      >
        <WithStyles(Tabs)
          onChange={[Function]}
          value="/"
        >
          <WithStyles(Tab)
            component={[Function]}
            label="Home"
            to="/"
            value="/"
          />
          <WithStyles(Tab)
            component={[Function]}
            label="Studies"
            to="/studies"
            value="/studies"
          />
          <WithStyles(Tab)
            component={[Function]}
            label="Datasets"
            to="/datasets"
            value="/datasets"
          />
        </WithStyles(Tabs)>
      </WithStyles(AppBar)>
      <Switch>
        <Route
          component={[Function]}
          exact={true}
          path="/"
        />
        <Route
          component={[Function]}
          exact={true}
          path="/studies"
        />
        <Route
          component={[Function]}
          exact={true}
          path="/datasets"
        />
        <Route
          component={[Function]}
          exact={true}
          path="/datasets/create"
        />
      </Switch>
    </Container>
  </Component>
</Screen>
`;
